0 verbose cli /usr/local/bin/node /usr/local/bin/npm
1 info using npm@11.6.2
2 info using node@v24.12.0
3 silly config load:file:/usr/local/lib/node_modules/npm/npmrc
4 silly config load:file:/Users/gabriellamartins/Developer/GitHub/SALT-STUDIO-LLC/salt-studio-projects/in-production/salt-studio/.npmrc
5 silly config load:file:/Users/gabriellamartins/Developer/GitHub/SALT-STUDIO-LLC/salt-studio-projects/in-production/salt-studio/000/.npmrc
6 silly config load:file:/usr/local/etc/npmrc
7 verbose title npm run lint
8 verbose argv "run" "lint"
9 verbose logfile logs-max:10 dir:/Users/gabriellamartins/Developer/GitHub/SALT-STUDIO-LLC/salt-studio-projects/in-production/salt-studio/000/.npm/_logs/2026-07-27T00_17_56_485Z-
10 verbose logfile /Users/gabriellamartins/Developer/GitHub/SALT-STUDIO-LLC/salt-studio-projects/in-production/salt-studio/000/.npm/_logs/2026-07-27T00_17_56_485Z-debug-0.log
11 silly logfile done cleaning log files
12 http fetch GET 200 https://registry.npmjs.org/npm 193ms
13 verbose cwd /Users/gabriellamartins/Developer/GitHub/SALT-STUDIO-LLC/salt-studio-projects/in-production/salt-studio
14 verbose os Darwin 25.5.0
15 verbose node v24.12.0
16 verbose npm  v11.6.2
17 notice
17 notice New minor version of npm available! 11.6.2 -> 11.18.0
17 notice Changelog: https://github.com/npm/cli/releases/tag/v11.18.0
17 notice To update run: npm install -g npm@11.18.0
17 notice  { force: true, Symbol(proc-log.meta): true }
18 verbose exit 0
19 info ok
